// Jest Snapshot v1, https://goo.gl/fbAQLP

exports[`repository card should display empty state 1`] = `
<DocumentFragment>
  <article
    class="repositoryCard"
    data-testid="repository-card"
  >
    <header
      class="repositoryCardHeader"
    >
      <span
        class="repositoryCardTitle"
      >
        Hello world
      </span>
      <span
        class="repositoryCardStars"
      >
        4
        <svg
          viewBox="0 0 512 512"
        >
          <polygon
            points="259.216,29.942 330.27,173.919 489.16,197.007 374.185,309.08 401.33,467.31 259.216,392.612 117.104,467.31 144.25,309.08   29.274,197.007 188.165,173.919"
            stroke-linecap="round"
            stroke-linejoin="round"
            stroke-miterlimit="10"
            stroke-width="37.6152"
          />
        </svg>
      </span>
    </header>
    <p>
      Description
    </p>
  </article>
</DocumentFragment>
`;
